../Core/Src/prot.c:29:14:getCommand	16	static
../Core/Src/prot.c:39:15:getArgument	16	static
../Core/Src/prot.c:97:12:getState	16	static
../Core/Src/prot.c:107:12:getSpeed	16	static
../Core/Src/prot.c:119:6:LED0_Turn_On	8	static
../Core/Src/prot.c:124:6:LED1_Turn_On	8	static
../Core/Src/prot.c:129:6:LED2_Turn_On	8	static
../Core/Src/prot.c:133:6:LED0_Turn_Off	8	static
../Core/Src/prot.c:138:6:LED1_Turn_Off	8	static
../Core/Src/prot.c:143:6:LED2_Turn_Off	8	static
../Core/Src/prot.c:148:6:LED_ALL_On	8	static
../Core/Src/prot.c:155:6:LED_ALL_Off	8	static
../Core/Src/prot.c:162:6:PWM0_On	8	static
../Core/Src/prot.c:167:6:PWM0_Off	8	static
../Core/Src/prot.c:172:6:PWM1_On	8	static
../Core/Src/prot.c:177:6:PWM1_Off	8	static
../Core/Src/prot.c:182:6:PWM2_On	8	static
../Core/Src/prot.c:187:6:PWM2_Off	8	static
../Core/Src/prot.c:192:6:PWM3_On	8	static
../Core/Src/prot.c:197:6:PWM3_Off	8	static
../Core/Src/prot.c:202:6:PWM0_DUTY_SET	16	static
../Core/Src/prot.c:224:6:PWM1_DUTY_SET	16	static
../Core/Src/prot.c:245:6:PWM2_DUTY_SET	16	static
../Core/Src/prot.c:266:6:PWM3_DUTY_SET	16	static
../Core/Src/prot.c:288:6:PWM0_DUTY_GET	8	static
../Core/Src/prot.c:298:6:PWM1_DUTY_GET	8	static
../Core/Src/prot.c:308:6:PWM2_DUTY_GET	8	static
../Core/Src/prot.c:318:6:PWM3_DUTY_GET	8	static
../Core/Src/prot.c:328:6:CAN1_START	8	static
../Core/Src/prot.c:333:6:CAN1_STOP	8	static
../Core/Src/prot.c:338:6:CAN1_SET_SPEED	16	static
../Core/Src/prot.c:366:6:SPI1_START	4	static
../Core/Src/prot.c:371:6:SPI1_STOP	4	static
../Core/Src/prot.c:376:6:SPI2_START	4	static
../Core/Src/prot.c:381:6:SPI2_STOP	4	static
../Core/Src/prot.c:386:6:SPI1_CS1_HIGH	8	static
../Core/Src/prot.c:391:6:SPI1_CS1_LOW	8	static
../Core/Src/prot.c:396:6:SPI1_CS2_HIGH	8	static
../Core/Src/prot.c:401:6:SPI1_CS2_LOW	8	static
../Core/Src/prot.c:406:6:SPI1_CS3_HIGH	8	static
../Core/Src/prot.c:411:6:SPI1_CS3_LOW	8	static
../Core/Src/prot.c:416:6:SPI2_CS1_HIGH	8	static
../Core/Src/prot.c:421:6:SPI2_CS1_LOW	8	static
../Core/Src/prot.c:426:6:SPI2_CS2_HIGH	8	static
../Core/Src/prot.c:431:6:SPI2_CS2_LOW	8	static
../Core/Src/prot.c:436:6:SPI2_CS3_HIGH	8	static
../Core/Src/prot.c:441:6:SPI2_CS3_LOW	8	static
../Core/Src/prot.c:446:6:I2C1_START	4	static
../Core/Src/prot.c:451:6:I2C1_STOP	4	static
../Core/Src/prot.c:456:6:I2C2_START	4	static
../Core/Src/prot.c:461:6:I2C2_STOP	4	static
../Core/Src/prot.c:466:6:I2C1_SET_SPEED	16	static
../Core/Src/prot.c:487:6:I2C2_SET_SPEED	16	static
../Core/Src/prot.c:508:6:cmd_error	8	static
../Core/Src/prot.c:512:6:arg_error	8	static
../Core/Src/prot.c:517:6:param_error	8	static
../Core/Src/prot.c:522:6:spd_error	8	static
../Core/Src/prot.c:527:6:state_error	8	static
